// Jest Snapshot v1, https://goo.gl/fbAQLP

exports[`QueenList component renders QueenList 1`] = `
<DocumentFragment>
  <div
    class="QueenList"
  >
    <ul
      data-testid="queens"
    />
  </div>
</DocumentFragment>
`;
